
> quantiva-website@0.1.0 build
> tsc && vite build

vite v6.3.6 building for production...
transforming...
✓ 12 modules transformed.
✗ Build failed in 464ms
error during build:
[vite:build-import-analysis] [plugin vite:build-import-analysis] src/docs/pages/cms-workflow.mdx (35:12): Failed to parse source for import analysis because the content contains invalid JS syntax. If you are using JSX, make sure to name the file with the .jsx or .tsx extension.
file: /Users/herijeanmasum/Developer/quantiva-website/src/docs/pages/cms-workflow.mdx:35:12

33:     classDef published fill:#d1fae5,stroke:#10b981,stroke-width:2px,color:#111827
34: `}
35:   </Mermaid>
                ^
36: </div>

    at getRollupError (file:///Users/herijeanmasum/Developer/quantiva-website/node_modules/rollup/dist/es/shared/parseAst.js:401:41)
    at error (file:///Users/herijeanmasum/Developer/quantiva-website/node_modules/rollup/dist/es/shared/parseAst.js:397:42)
    at Object.error (file:///Users/herijeanmasum/Developer/quantiva-website/node_modules/rollup/dist/es/shared/node-entry.js:22104:20)
    at Object.error (file:///Users/herijeanmasum/Developer/quantiva-website/node_modules/rollup/dist/es/shared/node-entry.js:21162:42)
    at Object.handler (file:///Users/herijeanmasum/Developer/quantiva-website/node_modules/vite/dist/node/chunks/dep-Bu492Fnd.js:45407:16)
